// Jest Snapshot v1, https://goo.gl/fbAQLP

exports[`Timesheets render with less than collasped count timesheets 1`] = `
<div>
  <div
    class="Picasso-root"
  >
    <table
      class="MuiTable-root"
    >
      <thead
        class="MuiTableHead-root"
      >
        <tr
          class="MuiTableRow-root MuiTableRow-head"
        >
          <th
            class="MuiTableCell-root MuiTableCell-head"
            scope="col"
          >
            <p
              class="MuiTypography-root Typography-body Typography-bold MuiTypography-body1"
            >
              Timesheets
            </p>
          </th>
        </tr>
      </thead>
      <tbody
        class="MuiTableBody-root"
      >
        <tr
          class="MuiTableRow-root"
        >
          <td
            class="MuiTableCell-root MuiTableCell-body"
          >
            <div
              class="TimesheetItem-timesheet"
            >
              <div
                class="TimesheetItem-timesheetInfo"
              >
                <a
                  class="MuiTypography-root MuiTypography-colorPrimary MuiTypography-inline MuiLink-root MuiLink-underlineNone TimesheetItem-timesheetInfoLink"
                >
                  <span
                    class="MuiTypography-root Typography-regular MuiTypography-caption MuiTypography-inline"
                  >
                    From
                  </span>
                  <span
                    class="MuiTypography-root Typography-bold MuiTypography-caption MuiTypography-inline"
                  >
                     
                    Mon, 25 Feb 2019
                     
                  </span>
                  <span
                    class="MuiTypography-root Typography-regular MuiTypography-caption MuiTypography-inline"
                  >
                    till
                  </span>
                  <span
                    class="MuiTypography-root Typography-bold MuiTypography-caption MuiTypography-inline"
                  >
                     
                    Sun, 10 Mar 2019
                  </span>
                </a>
              </div>
              <div
                class="TimesheetItem-controls"
              >
                <button
                  class="MuiButtonBase-root Button-small Button-root"
                  tabindex="0"
                  type="button"
                >
                  <div
                    class="Button-children"
                  >
                    Edit
                  </div>
                </button>
              </div>
            </div>
          </td>
        </tr>
        <tr
          class="MuiTableRow-root"
        >
          <td
            class="MuiTableCell-root MuiTableCell-body"
          >
            <div
              class="TimesheetItem-timesheet"
            >
              <div
                class="TimesheetItem-timesheetInfo"
              >
                <a
                  class="MuiTypography-root MuiTypography-colorPrimary MuiTypography-inline MuiLink-root MuiLink-underlineNone TimesheetItem-timesheetInfoLink"
                >
                  <span
                    class="MuiTypography-root Typography-regular MuiTypography-caption MuiTypography-inline"
                  >
                    From
                  </span>
                  <span
                    class="MuiTypography-root Typography-bold MuiTypography-caption MuiTypography-inline"
                  >
                     
                    Mon, 11 Feb 2019
                     
                  </span>
                  <span
                    class="MuiTypography-root Typography-regular MuiTypography-caption MuiTypography-inline"
                  >
                    till
                  </span>
                  <span
                    class="MuiTypography-root Typography-bold MuiTypography-caption MuiTypography-inline"
                  >
                     
                    Sun, 24 Feb 2019
                  </span>
                </a>
              </div>
              <div
                class="TimesheetItem-controls"
              >
                <button
                  class="MuiButtonBase-root Button-small Button-root"
                  tabindex="0"
                  type="button"
                >
                  <div
                    class="Button-children"
                  >
                    Unsubmit Timesheet
                  </div>
                </button>
                <button
                  class="MuiButtonBase-root Button-small Button-root"
                  tabindex="0"
                  type="button"
                >
                  <div
                    class="Button-children"
                  >
                    Edit
                  </div>
                </button>
              </div>
            </div>
          </td>
        </tr>
      </tbody>
    </table>
    <div
      class="Timesheets-footer"
    >
      <button
        class="MuiButtonBase-root Button-flat Button-small Button-root Timesheets-showMoreLink"
        tabindex="0"
        type="button"
      >
        <div
          class="Button-children"
        >
          Show more timesheets
          <svg
            aria-hidden="true"
            class="MuiSvgIcon-root Button-icon Button-iconRight"
            focusable="false"
            role="presentation"
            viewBox="0 0 24 24"
          >
            <path
              d="M16.59 8.59L12 13.17 7.41 8.59 6 10l6 6 6-6z"
            />
            <path
              d="M0 0h24v24H0z"
              fill="none"
            />
          </svg>
        </div>
      </button>
    </div>
  </div>
</div>
`;

exports[`Timesheets render with more than collasped count timesheets 1`] = `
<div>
  <div
    class="Picasso-root"
  >
    <table
      class="MuiTable-root"
    >
      <thead
        class="MuiTableHead-root"
      >
        <tr
          class="MuiTableRow-root MuiTableRow-head"
        >
          <th
            class="MuiTableCell-root MuiTableCell-head"
            scope="col"
          >
            <p
              class="MuiTypography-root Typography-body Typography-bold MuiTypography-body1"
            >
              Timesheets
            </p>
          </th>
        </tr>
      </thead>
      <tbody
        class="MuiTableBody-root"
      >
        <tr
          class="MuiTableRow-root"
        >
          <td
            class="MuiTableCell-root MuiTableCell-body"
          >
            <div
              class="TimesheetItem-timesheet"
            >
              <div
                class="TimesheetItem-timesheetInfo"
              >
                <a
                  class="MuiTypography-root MuiTypography-colorPrimary MuiTypography-inline MuiLink-root MuiLink-underlineNone TimesheetItem-timesheetInfoLink"
                >
                  <span
                    class="MuiTypography-root Typography-regular MuiTypography-caption MuiTypography-inline"
                  >
                    From
                  </span>
                  <span
                    class="MuiTypography-root Typography-bold MuiTypography-caption MuiTypography-inline"
                  >
                     
                    Mon, 25 Feb 2019
                     
                  </span>
                  <span
                    class="MuiTypography-root Typography-regular MuiTypography-caption MuiTypography-inline"
                  >
                    till
                  </span>
                  <span
                    class="MuiTypography-root Typography-bold MuiTypography-caption MuiTypography-inline"
                  >
                     
                    Sun, 10 Mar 2019
                  </span>
                </a>
              </div>
              <div
                class="TimesheetItem-controls"
              >
                <button
                  class="MuiButtonBase-root Button-small Button-root"
                  tabindex="0"
                  type="button"
                >
                  <div
                    class="Button-children"
                  >
                    Edit
                  </div>
                </button>
              </div>
            </div>
          </td>
        </tr>
        <tr
          class="MuiTableRow-root"
        >
          <td
            class="MuiTableCell-root MuiTableCell-body"
          >
            <div
              class="TimesheetItem-timesheet"
            >
              <div
                class="TimesheetItem-timesheetInfo"
              >
                <a
                  class="MuiTypography-root MuiTypography-colorPrimary MuiTypography-inline MuiLink-root MuiLink-underlineNone TimesheetItem-timesheetInfoLink"
                >
                  <span
                    class="MuiTypography-root Typography-regular MuiTypography-caption MuiTypography-inline"
                  >
                    From
                  </span>
                  <span
                    class="MuiTypography-root Typography-bold MuiTypography-caption MuiTypography-inline"
                  >
                     
                    Mon, 11 Feb 2019
                     
                  </span>
                  <span
                    class="MuiTypography-root Typography-regular MuiTypography-caption MuiTypography-inline"
                  >
                    till
                  </span>
                  <span
                    class="MuiTypography-root Typography-bold MuiTypography-caption MuiTypography-inline"
                  >
                     
                    Sun, 24 Feb 2019
                  </span>
                </a>
              </div>
              <div
                class="TimesheetItem-controls"
              >
                <button
                  class="MuiButtonBase-root Button-small Button-root"
                  tabindex="0"
                  type="button"
                >
                  <div
                    class="Button-children"
                  >
                    Unsubmit Timesheet
                  </div>
                </button>
                <button
                  class="MuiButtonBase-root Button-small Button-root"
                  tabindex="0"
                  type="button"
                >
                  <div
                    class="Button-children"
                  >
                    Edit
                  </div>
                </button>
              </div>
            </div>
          </td>
        </tr>
        <tr
          class="MuiTableRow-root"
        >
          <td
            class="MuiTableCell-root MuiTableCell-body"
          >
            <div
              class="TimesheetItem-timesheet"
            >
              <div
                class="TimesheetItem-timesheetInfo"
              >
                <a
                  class="MuiTypography-root MuiTypography-colorPrimary MuiTypography-inline MuiLink-root MuiLink-underlineNone TimesheetItem-timesheetInfoLink"
                >
                  <span
                    class="MuiTypography-root Typography-regular MuiTypography-caption MuiTypography-inline"
                  >
                    From
                  </span>
                  <span
                    class="MuiTypography-root Typography-bold MuiTypography-caption MuiTypography-inline"
                  >
                     
                    Mon, 31 Dec 2018
                     
                  </span>
                  <span
                    class="MuiTypography-root Typography-regular MuiTypography-caption MuiTypography-inline"
                  >
                    till
                  </span>
                  <span
                    class="MuiTypography-root Typography-bold MuiTypography-caption MuiTypography-inline"
                  >
                     
                    Sun, 13 Jan 2019
                  </span>
                </a>
              </div>
              <div
                class="TimesheetItem-controls"
              />
            </div>
          </td>
        </tr>
      </tbody>
    </table>
    <div
      class="Timesheets-footer"
    >
      <button
        class="MuiButtonBase-root Button-flat Button-small Button-root Timesheets-showMoreLink"
        tabindex="0"
        type="button"
      >
        <div
          class="Button-children"
        >
          Show more timesheets
          <svg
            aria-hidden="true"
            class="MuiSvgIcon-root Button-icon Button-iconRight"
            focusable="false"
            role="presentation"
            viewBox="0 0 24 24"
          >
            <path
              d="M16.59 8.59L12 13.17 7.41 8.59 6 10l6 6 6-6z"
            />
            <path
              d="M0 0h24v24H0z"
              fill="none"
            />
          </svg>
        </div>
      </button>
    </div>
  </div>
</div>
`;

exports[`Timesheets when no promise in onShowMore callback specified should render all timesheets after click show more 1`] = `
<div>
  <div
    class="Picasso-root"
  >
    <table
      class="MuiTable-root"
    >
      <thead
        class="MuiTableHead-root"
      >
        <tr
          class="MuiTableRow-root MuiTableRow-head"
        >
          <th
            class="MuiTableCell-root MuiTableCell-head"
            scope="col"
          >
            <p
              class="MuiTypography-root Typography-body Typography-bold MuiTypography-body1"
            >
              Timesheets
            </p>
          </th>
        </tr>
      </thead>
      <tbody
        class="MuiTableBody-root"
      >
        <tr
          class="MuiTableRow-root"
        >
          <td
            class="MuiTableCell-root MuiTableCell-body"
          >
            <div
              class="TimesheetItem-timesheet"
            >
              <div
                class="TimesheetItem-timesheetInfo"
              >
                <a
                  class="MuiTypography-root MuiTypography-colorPrimary MuiTypography-inline MuiLink-root MuiLink-underlineNone TimesheetItem-timesheetInfoLink"
                >
                  <span
                    class="MuiTypography-root Typography-regular MuiTypography-caption MuiTypography-inline"
                  >
                    From
                  </span>
                  <span
                    class="MuiTypography-root Typography-bold MuiTypography-caption MuiTypography-inline"
                  >
                     
                    Mon, 25 Feb 2019
                     
                  </span>
                  <span
                    class="MuiTypography-root Typography-regular MuiTypography-caption MuiTypography-inline"
                  >
                    till
                  </span>
                  <span
                    class="MuiTypography-root Typography-bold MuiTypography-caption MuiTypography-inline"
                  >
                     
                    Sun, 10 Mar 2019
                  </span>
                </a>
              </div>
              <div
                class="TimesheetItem-controls"
              >
                <button
                  class="MuiButtonBase-root Button-small Button-root"
                  tabindex="0"
                  type="button"
                >
                  <div
                    class="Button-children"
                  >
                    Edit
                  </div>
                </button>
              </div>
            </div>
          </td>
        </tr>
        <tr
          class="MuiTableRow-root"
        >
          <td
            class="MuiTableCell-root MuiTableCell-body"
          >
            <div
              class="TimesheetItem-timesheet"
            >
              <div
                class="TimesheetItem-timesheetInfo"
              >
                <a
                  class="MuiTypography-root MuiTypography-colorPrimary MuiTypography-inline MuiLink-root MuiLink-underlineNone TimesheetItem-timesheetInfoLink"
                >
                  <span
                    class="MuiTypography-root Typography-regular MuiTypography-caption MuiTypography-inline"
                  >
                    From
                  </span>
                  <span
                    class="MuiTypography-root Typography-bold MuiTypography-caption MuiTypography-inline"
                  >
                     
                    Mon, 11 Feb 2019
                     
                  </span>
                  <span
                    class="MuiTypography-root Typography-regular MuiTypography-caption MuiTypography-inline"
                  >
                    till
                  </span>
                  <span
                    class="MuiTypography-root Typography-bold MuiTypography-caption MuiTypography-inline"
                  >
                     
                    Sun, 24 Feb 2019
                  </span>
                </a>
              </div>
              <div
                class="TimesheetItem-controls"
              >
                <button
                  class="MuiButtonBase-root Button-small Button-root"
                  tabindex="0"
                  type="button"
                >
                  <div
                    class="Button-children"
                  >
                    Unsubmit Timesheet
                  </div>
                </button>
                <button
                  class="MuiButtonBase-root Button-small Button-root"
                  tabindex="0"
                  type="button"
                >
                  <div
                    class="Button-children"
                  >
                    Edit
                  </div>
                </button>
              </div>
            </div>
          </td>
        </tr>
        <tr
          class="MuiTableRow-root"
        >
          <td
            class="MuiTableCell-root MuiTableCell-body"
          >
            <div
              class="TimesheetItem-timesheet"
            >
              <div
                class="TimesheetItem-timesheetInfo"
              >
                <a
                  class="MuiTypography-root MuiTypography-colorPrimary MuiTypography-inline MuiLink-root MuiLink-underlineNone TimesheetItem-timesheetInfoLink"
                >
                  <span
                    class="MuiTypography-root Typography-regular MuiTypography-caption MuiTypography-inline"
                  >
                    From
                  </span>
                  <span
                    class="MuiTypography-root Typography-bold MuiTypography-caption MuiTypography-inline"
                  >
                     
                    Mon, 31 Dec 2018
                     
                  </span>
                  <span
                    class="MuiTypography-root Typography-regular MuiTypography-caption MuiTypography-inline"
                  >
                    till
                  </span>
                  <span
                    class="MuiTypography-root Typography-bold MuiTypography-caption MuiTypography-inline"
                  >
                     
                    Sun, 13 Jan 2019
                  </span>
                </a>
              </div>
              <div
                class="TimesheetItem-controls"
              />
            </div>
          </td>
        </tr>
        <tr
          class="MuiTableRow-root"
        >
          <td
            class="MuiTableCell-root MuiTableCell-body"
          >
            <div
              class="TimesheetItem-timesheet"
            >
              <div
                class="TimesheetItem-timesheetInfo"
              >
                <span
                  class="MuiTypography-root Typography-regular MuiTypography-caption MuiTypography-inline"
                >
                  From
                </span>
                <span
                  class="MuiTypography-root Typography-bold MuiTypography-caption MuiTypography-inline"
                >
                   
                  Mon, 17 Dec 2018
                   
                </span>
                <span
                  class="MuiTypography-root Typography-regular MuiTypography-caption MuiTypography-inline"
                >
                  till
                </span>
                <span
                  class="MuiTypography-root Typography-bold MuiTypography-caption MuiTypography-inline"
                >
                   
                  Sun, 30 Dec 2018
                </span>
              </div>
              <div
                class="TimesheetItem-controls"
              />
            </div>
          </td>
        </tr>
        <tr
          class="MuiTableRow-root"
        >
          <td
            class="MuiTableCell-root MuiTableCell-body"
          >
            <div
              class="TimesheetItem-timesheet"
            >
              <div
                class="TimesheetItem-timesheetInfo"
              >
                <a
                  class="MuiTypography-root MuiTypography-colorPrimary MuiTypography-inline MuiLink-root MuiLink-underlineNone TimesheetItem-timesheetInfoLink"
                >
                  <span
                    class="MuiTypography-root Typography-regular MuiTypography-caption MuiTypography-inline"
                  >
                    From
                  </span>
                  <span
                    class="MuiTypography-root Typography-bold MuiTypography-caption MuiTypography-inline"
                  >
                     
                    Mon, 03 Dec 2018
                     
                  </span>
                  <span
                    class="MuiTypography-root Typography-regular MuiTypography-caption MuiTypography-inline"
                  >
                    till
                  </span>
                  <span
                    class="MuiTypography-root Typography-bold MuiTypography-caption MuiTypography-inline"
                  >
                     
                    Sun, 16 Dec 2018
                  </span>
                  <span
                    class="MuiTypography-root Typography-bold MuiTypography-caption MuiTypography-inline TimesheetItem-overdueMessage"
                  >
                     
                    (Submission overdue, no automatic processing available)
                  </span>
                </a>
              </div>
              <div
                class="TimesheetItem-controls"
              >
                <button
                  class="MuiButtonBase-root Button-small Button-root"
                  tabindex="0"
                  type="button"
                >
                  <div
                    class="Button-children"
                  >
                    Unsubmit Timesheet
                  </div>
                </button>
                <button
                  class="MuiButtonBase-root Button-small Button-root"
                  tabindex="0"
                  type="button"
                >
                  <div
                    class="Button-children"
                  >
                    Edit
                  </div>
                </button>
              </div>
            </div>
          </td>
        </tr>
        <tr
          class="MuiTableRow-root"
        >
          <td
            class="MuiTableCell-root MuiTableCell-body"
          >
            <div
              class="TimesheetItem-timesheet"
            >
              <div
                class="TimesheetItem-timesheetInfo"
              >
                <a
                  class="MuiTypography-root MuiTypography-colorPrimary MuiTypography-inline MuiLink-root MuiLink-underlineNone TimesheetItem-timesheetInfoLink"
                >
                  <span
                    class="MuiTypography-root Typography-regular MuiTypography-caption MuiTypography-inline"
                  >
                    From
                  </span>
                  <span
                    class="MuiTypography-root Typography-bold MuiTypography-caption MuiTypography-inline"
                  >
                     
                    Mon, 22 Oct 2018
                     
                  </span>
                  <span
                    class="MuiTypography-root Typography-regular MuiTypography-caption MuiTypography-inline"
                  >
                    till
                  </span>
                  <span
                    class="MuiTypography-root Typography-bold MuiTypography-caption MuiTypography-inline"
                  >
                     
                    Sun, 04 Nov 2018
                  </span>
                  <span
                    class="MuiTypography-root Typography-regular MuiTypography-caption MuiTypography-inline"
                  >
                     
                    (Not submitted)
                  </span>
                </a>
              </div>
              <div
                class="TimesheetItem-controls"
              >
                <button
                  class="MuiButtonBase-root Button-small Button-root"
                  tabindex="0"
                  type="button"
                >
                  <div
                    class="Button-children"
                  >
                    Unsubmit Timesheet
                  </div>
                </button>
                <button
                  class="MuiButtonBase-root Button-small Button-root"
                  tabindex="0"
                  type="button"
                >
                  <div
                    class="Button-children"
                  >
                    Edit
                  </div>
                </button>
              </div>
            </div>
          </td>
        </tr>
      </tbody>
    </table>
  </div>
</div>
`;

exports[`Timesheets when no promise in onShowMore callback specified should render all timesheets in non-collapsable mode 1`] = `
<div>
  <div
    class="Picasso-root"
  >
    <table
      class="MuiTable-root"
    >
      <thead
        class="MuiTableHead-root"
      >
        <tr
          class="MuiTableRow-root MuiTableRow-head"
        >
          <th
            class="MuiTableCell-root MuiTableCell-head"
            scope="col"
          >
            <p
              class="MuiTypography-root Typography-body Typography-bold MuiTypography-body1"
            >
              Timesheets
            </p>
          </th>
        </tr>
      </thead>
      <tbody
        class="MuiTableBody-root"
      >
        <tr
          class="MuiTableRow-root"
        >
          <td
            class="MuiTableCell-root MuiTableCell-body"
          >
            <div
              class="TimesheetItem-timesheet"
            >
              <div
                class="TimesheetItem-timesheetInfo"
              >
                <a
                  class="MuiTypography-root MuiTypography-colorPrimary MuiTypography-inline MuiLink-root MuiLink-underlineNone TimesheetItem-timesheetInfoLink"
                >
                  <span
                    class="MuiTypography-root Typography-regular MuiTypography-caption MuiTypography-inline"
                  >
                    From
                  </span>
                  <span
                    class="MuiTypography-root Typography-bold MuiTypography-caption MuiTypography-inline"
                  >
                     
                    Mon, 25 Feb 2019
                     
                  </span>
                  <span
                    class="MuiTypography-root Typography-regular MuiTypography-caption MuiTypography-inline"
                  >
                    till
                  </span>
                  <span
                    class="MuiTypography-root Typography-bold MuiTypography-caption MuiTypography-inline"
                  >
                     
                    Sun, 10 Mar 2019
                  </span>
                </a>
              </div>
              <div
                class="TimesheetItem-controls"
              >
                <button
                  class="MuiButtonBase-root Button-small Button-root"
                  tabindex="0"
                  type="button"
                >
                  <div
                    class="Button-children"
                  >
                    Edit
                  </div>
                </button>
              </div>
            </div>
          </td>
        </tr>
        <tr
          class="MuiTableRow-root"
        >
          <td
            class="MuiTableCell-root MuiTableCell-body"
          >
            <div
              class="TimesheetItem-timesheet"
            >
              <div
                class="TimesheetItem-timesheetInfo"
              >
                <a
                  class="MuiTypography-root MuiTypography-colorPrimary MuiTypography-inline MuiLink-root MuiLink-underlineNone TimesheetItem-timesheetInfoLink"
                >
                  <span
                    class="MuiTypography-root Typography-regular MuiTypography-caption MuiTypography-inline"
                  >
                    From
                  </span>
                  <span
                    class="MuiTypography-root Typography-bold MuiTypography-caption MuiTypography-inline"
                  >
                     
                    Mon, 11 Feb 2019
                     
                  </span>
                  <span
                    class="MuiTypography-root Typography-regular MuiTypography-caption MuiTypography-inline"
                  >
                    till
                  </span>
                  <span
                    class="MuiTypography-root Typography-bold MuiTypography-caption MuiTypography-inline"
                  >
                     
                    Sun, 24 Feb 2019
                  </span>
                </a>
              </div>
              <div
                class="TimesheetItem-controls"
              >
                <button
                  class="MuiButtonBase-root Button-small Button-root"
                  tabindex="0"
                  type="button"
                >
                  <div
                    class="Button-children"
                  >
                    Unsubmit Timesheet
                  </div>
                </button>
                <button
                  class="MuiButtonBase-root Button-small Button-root"
                  tabindex="0"
                  type="button"
                >
                  <div
                    class="Button-children"
                  >
                    Edit
                  </div>
                </button>
              </div>
            </div>
          </td>
        </tr>
        <tr
          class="MuiTableRow-root"
        >
          <td
            class="MuiTableCell-root MuiTableCell-body"
          >
            <div
              class="TimesheetItem-timesheet"
            >
              <div
                class="TimesheetItem-timesheetInfo"
              >
                <a
                  class="MuiTypography-root MuiTypography-colorPrimary MuiTypography-inline MuiLink-root MuiLink-underlineNone TimesheetItem-timesheetInfoLink"
                >
                  <span
                    class="MuiTypography-root Typography-regular MuiTypography-caption MuiTypography-inline"
                  >
                    From
                  </span>
                  <span
                    class="MuiTypography-root Typography-bold MuiTypography-caption MuiTypography-inline"
                  >
                     
                    Mon, 31 Dec 2018
                     
                  </span>
                  <span
                    class="MuiTypography-root Typography-regular MuiTypography-caption MuiTypography-inline"
                  >
                    till
                  </span>
                  <span
                    class="MuiTypography-root Typography-bold MuiTypography-caption MuiTypography-inline"
                  >
                     
                    Sun, 13 Jan 2019
                  </span>
                </a>
              </div>
              <div
                class="TimesheetItem-controls"
              />
            </div>
          </td>
        </tr>
        <tr
          class="MuiTableRow-root"
        >
          <td
            class="MuiTableCell-root MuiTableCell-body"
          >
            <div
              class="TimesheetItem-timesheet"
            >
              <div
                class="TimesheetItem-timesheetInfo"
              >
                <span
                  class="MuiTypography-root Typography-regular MuiTypography-caption MuiTypography-inline"
                >
                  From
                </span>
                <span
                  class="MuiTypography-root Typography-bold MuiTypography-caption MuiTypography-inline"
                >
                   
                  Mon, 17 Dec 2018
                   
                </span>
                <span
                  class="MuiTypography-root Typography-regular MuiTypography-caption MuiTypography-inline"
                >
                  till
                </span>
                <span
                  class="MuiTypography-root Typography-bold MuiTypography-caption MuiTypography-inline"
                >
                   
                  Sun, 30 Dec 2018
                </span>
              </div>
              <div
                class="TimesheetItem-controls"
              />
            </div>
          </td>
        </tr>
        <tr
          class="MuiTableRow-root"
        >
          <td
            class="MuiTableCell-root MuiTableCell-body"
          >
            <div
              class="TimesheetItem-timesheet"
            >
              <div
                class="TimesheetItem-timesheetInfo"
              >
                <a
                  class="MuiTypography-root MuiTypography-colorPrimary MuiTypography-inline MuiLink-root MuiLink-underlineNone TimesheetItem-timesheetInfoLink"
                >
                  <span
                    class="MuiTypography-root Typography-regular MuiTypography-caption MuiTypography-inline"
                  >
                    From
                  </span>
                  <span
                    class="MuiTypography-root Typography-bold MuiTypography-caption MuiTypography-inline"
                  >
                     
                    Mon, 03 Dec 2018
                     
                  </span>
                  <span
                    class="MuiTypography-root Typography-regular MuiTypography-caption MuiTypography-inline"
                  >
                    till
                  </span>
                  <span
                    class="MuiTypography-root Typography-bold MuiTypography-caption MuiTypography-inline"
                  >
                     
                    Sun, 16 Dec 2018
                  </span>
                  <span
                    class="MuiTypography-root Typography-bold MuiTypography-caption MuiTypography-inline TimesheetItem-overdueMessage"
                  >
                     
                    (Submission overdue, no automatic processing available)
                  </span>
                </a>
              </div>
              <div
                class="TimesheetItem-controls"
              >
                <button
                  class="MuiButtonBase-root Button-small Button-root"
                  tabindex="0"
                  type="button"
                >
                  <div
                    class="Button-children"
                  >
                    Unsubmit Timesheet
                  </div>
                </button>
                <button
                  class="MuiButtonBase-root Button-small Button-root"
                  tabindex="0"
                  type="button"
                >
                  <div
                    class="Button-children"
                  >
                    Edit
                  </div>
                </button>
              </div>
            </div>
          </td>
        </tr>
        <tr
          class="MuiTableRow-root"
        >
          <td
            class="MuiTableCell-root MuiTableCell-body"
          >
            <div
              class="TimesheetItem-timesheet"
            >
              <div
                class="TimesheetItem-timesheetInfo"
              >
                <a
                  class="MuiTypography-root MuiTypography-colorPrimary MuiTypography-inline MuiLink-root MuiLink-underlineNone TimesheetItem-timesheetInfoLink"
                >
                  <span
                    class="MuiTypography-root Typography-regular MuiTypography-caption MuiTypography-inline"
                  >
                    From
                  </span>
                  <span
                    class="MuiTypography-root Typography-bold MuiTypography-caption MuiTypography-inline"
                  >
                     
                    Mon, 22 Oct 2018
                     
                  </span>
                  <span
                    class="MuiTypography-root Typography-regular MuiTypography-caption MuiTypography-inline"
                  >
                    till
                  </span>
                  <span
                    class="MuiTypography-root Typography-bold MuiTypography-caption MuiTypography-inline"
                  >
                     
                    Sun, 04 Nov 2018
                  </span>
                  <span
                    class="MuiTypography-root Typography-regular MuiTypography-caption MuiTypography-inline"
                  >
                     
                    (Not submitted)
                  </span>
                </a>
              </div>
              <div
                class="TimesheetItem-controls"
              >
                <button
                  class="MuiButtonBase-root Button-small Button-root"
                  tabindex="0"
                  type="button"
                >
                  <div
                    class="Button-children"
                  >
                    Unsubmit Timesheet
                  </div>
                </button>
                <button
                  class="MuiButtonBase-root Button-small Button-root"
                  tabindex="0"
                  type="button"
                >
                  <div
                    class="Button-children"
                  >
                    Edit
                  </div>
                </button>
              </div>
            </div>
          </td>
        </tr>
      </tbody>
    </table>
  </div>
</div>
`;

exports[`Timesheets when promise in onShowMore callback specified should render Loading when click show more 1`] = `
<div>
  <div
    class="Picasso-root"
  >
    <table
      class="MuiTable-root"
    >
      <thead
        class="MuiTableHead-root"
      >
        <tr
          class="MuiTableRow-root MuiTableRow-head"
        >
          <th
            class="MuiTableCell-root MuiTableCell-head"
            scope="col"
          >
            <p
              class="MuiTypography-root Typography-body Typography-bold MuiTypography-body1"
            >
              Timesheets
            </p>
          </th>
        </tr>
      </thead>
      <tbody
        class="MuiTableBody-root"
      >
        <tr
          class="MuiTableRow-root"
        >
          <td
            class="MuiTableCell-root MuiTableCell-body"
          >
            <div
              class="TimesheetItem-timesheet"
            >
              <div
                class="TimesheetItem-timesheetInfo"
              >
                <a
                  class="MuiTypography-root MuiTypography-colorPrimary MuiTypography-inline MuiLink-root MuiLink-underlineNone TimesheetItem-timesheetInfoLink"
                >
                  <span
                    class="MuiTypography-root Typography-regular MuiTypography-caption MuiTypography-inline"
                  >
                    From
                  </span>
                  <span
                    class="MuiTypography-root Typography-bold MuiTypography-caption MuiTypography-inline"
                  >
                     
                    Mon, 25 Feb 2019
                     
                  </span>
                  <span
                    class="MuiTypography-root Typography-regular MuiTypography-caption MuiTypography-inline"
                  >
                    till
                  </span>
                  <span
                    class="MuiTypography-root Typography-bold MuiTypography-caption MuiTypography-inline"
                  >
                     
                    Sun, 10 Mar 2019
                  </span>
                </a>
              </div>
              <div
                class="TimesheetItem-controls"
              >
                <button
                  class="MuiButtonBase-root Button-small Button-root"
                  tabindex="0"
                  type="button"
                >
                  <div
                    class="Button-children"
                  >
                    Edit
                  </div>
                </button>
              </div>
            </div>
          </td>
        </tr>
        <tr
          class="MuiTableRow-root"
        >
          <td
            class="MuiTableCell-root MuiTableCell-body"
          >
            <div
              class="TimesheetItem-timesheet"
            >
              <div
                class="TimesheetItem-timesheetInfo"
              >
                <a
                  class="MuiTypography-root MuiTypography-colorPrimary MuiTypography-inline MuiLink-root MuiLink-underlineNone TimesheetItem-timesheetInfoLink"
                >
                  <span
                    class="MuiTypography-root Typography-regular MuiTypography-caption MuiTypography-inline"
                  >
                    From
                  </span>
                  <span
                    class="MuiTypography-root Typography-bold MuiTypography-caption MuiTypography-inline"
                  >
                     
                    Mon, 11 Feb 2019
                     
                  </span>
                  <span
                    class="MuiTypography-root Typography-regular MuiTypography-caption MuiTypography-inline"
                  >
                    till
                  </span>
                  <span
                    class="MuiTypography-root Typography-bold MuiTypography-caption MuiTypography-inline"
                  >
                     
                    Sun, 24 Feb 2019
                  </span>
                </a>
              </div>
              <div
                class="TimesheetItem-controls"
              >
                <button
                  class="MuiButtonBase-root Button-small Button-root"
                  tabindex="0"
                  type="button"
                >
                  <div
                    class="Button-children"
                  >
                    Unsubmit Timesheet
                  </div>
                </button>
                <button
                  class="MuiButtonBase-root Button-small Button-root"
                  tabindex="0"
                  type="button"
                >
                  <div
                    class="Button-children"
                  >
                    Edit
                  </div>
                </button>
              </div>
            </div>
          </td>
        </tr>
        <tr
          class="MuiTableRow-root"
        >
          <td
            class="MuiTableCell-root MuiTableCell-body"
          >
            <div
              class="TimesheetItem-timesheet"
            >
              <div
                class="TimesheetItem-timesheetInfo"
              >
                <a
                  class="MuiTypography-root MuiTypography-colorPrimary MuiTypography-inline MuiLink-root MuiLink-underlineNone TimesheetItem-timesheetInfoLink"
                >
                  <span
                    class="MuiTypography-root Typography-regular MuiTypography-caption MuiTypography-inline"
                  >
                    From
                  </span>
                  <span
                    class="MuiTypography-root Typography-bold MuiTypography-caption MuiTypography-inline"
                  >
                     
                    Mon, 31 Dec 2018
                     
                  </span>
                  <span
                    class="MuiTypography-root Typography-regular MuiTypography-caption MuiTypography-inline"
                  >
                    till
                  </span>
                  <span
                    class="MuiTypography-root Typography-bold MuiTypography-caption MuiTypography-inline"
                  >
                     
                    Sun, 13 Jan 2019
                  </span>
                </a>
              </div>
              <div
                class="TimesheetItem-controls"
              />
            </div>
          </td>
        </tr>
      </tbody>
    </table>
    <div
      class="Timesheets-footer"
    >
      <button
        class="MuiButtonBase-root Button-flat Button-small Button-root Timesheets-showMoreLink"
        tabindex="0"
        type="button"
      >
        <div
          class="Button-children Button-hidden"
        >
          Show more timesheets
          <svg
            aria-hidden="true"
            class="MuiSvgIcon-root Button-icon Button-iconRight"
            focusable="false"
            role="presentation"
            viewBox="0 0 24 24"
          >
            <path
              d="M16.59 8.59L12 13.17 7.41 8.59 6 10l6 6 6-6z"
            />
            <path
              d="M0 0h24v24H0z"
              fill="none"
            />
          </svg>
        </div>
        <div
          class="Loader-wrapper Button-loader Loader-inline"
        >
          <div
            class="MuiCircularProgress-root CircularProgress-root Loader-spinner MuiCircularProgress-colorPrimary MuiCircularProgress-indeterminate"
            role="progressbar"
            style="width: 20px; height: 20px;"
          >
            <svg
              class="MuiCircularProgress-svg"
              viewBox="22 22 44 44"
            >
              <circle
                class="MuiCircularProgress-circle MuiCircularProgress-circleIndeterminate"
                cx="44"
                cy="44"
                fill="none"
                r="20.2"
                stroke-width="3.6"
              />
            </svg>
          </div>
        </div>
      </button>
    </div>
  </div>
</div>
`;

exports[`Timesheets when promise in onShowMore callback specified should render all timesheets after click show more and promise resolved 1`] = `
<div>
  <div
    class="Picasso-root"
  >
    <table
      class="MuiTable-root"
    >
      <thead
        class="MuiTableHead-root"
      >
        <tr
          class="MuiTableRow-root MuiTableRow-head"
        >
          <th
            class="MuiTableCell-root MuiTableCell-head"
            scope="col"
          >
            <p
              class="MuiTypography-root Typography-body Typography-bold MuiTypography-body1"
            >
              Timesheets
            </p>
          </th>
        </tr>
      </thead>
      <tbody
        class="MuiTableBody-root"
      >
        <tr
          class="MuiTableRow-root"
        >
          <td
            class="MuiTableCell-root MuiTableCell-body"
          >
            <div
              class="TimesheetItem-timesheet"
            >
              <div
                class="TimesheetItem-timesheetInfo"
              >
                <a
                  class="MuiTypography-root MuiTypography-colorPrimary MuiTypography-inline MuiLink-root MuiLink-underlineNone TimesheetItem-timesheetInfoLink"
                >
                  <span
                    class="MuiTypography-root Typography-regular MuiTypography-caption MuiTypography-inline"
                  >
                    From
                  </span>
                  <span
                    class="MuiTypography-root Typography-bold MuiTypography-caption MuiTypography-inline"
                  >
                     
                    Mon, 25 Feb 2019
                     
                  </span>
                  <span
                    class="MuiTypography-root Typography-regular MuiTypography-caption MuiTypography-inline"
                  >
                    till
                  </span>
                  <span
                    class="MuiTypography-root Typography-bold MuiTypography-caption MuiTypography-inline"
                  >
                     
                    Sun, 10 Mar 2019
                  </span>
                </a>
              </div>
              <div
                class="TimesheetItem-controls"
              >
                <button
                  class="MuiButtonBase-root Button-small Button-root"
                  tabindex="0"
                  type="button"
                >
                  <div
                    class="Button-children"
                  >
                    Edit
                  </div>
                </button>
              </div>
            </div>
          </td>
        </tr>
        <tr
          class="MuiTableRow-root"
        >
          <td
            class="MuiTableCell-root MuiTableCell-body"
          >
            <div
              class="TimesheetItem-timesheet"
            >
              <div
                class="TimesheetItem-timesheetInfo"
              >
                <a
                  class="MuiTypography-root MuiTypography-colorPrimary MuiTypography-inline MuiLink-root MuiLink-underlineNone TimesheetItem-timesheetInfoLink"
                >
                  <span
                    class="MuiTypography-root Typography-regular MuiTypography-caption MuiTypography-inline"
                  >
                    From
                  </span>
                  <span
                    class="MuiTypography-root Typography-bold MuiTypography-caption MuiTypography-inline"
                  >
                     
                    Mon, 11 Feb 2019
                     
                  </span>
                  <span
                    class="MuiTypography-root Typography-regular MuiTypography-caption MuiTypography-inline"
                  >
                    till
                  </span>
                  <span
                    class="MuiTypography-root Typography-bold MuiTypography-caption MuiTypography-inline"
                  >
                     
                    Sun, 24 Feb 2019
                  </span>
                </a>
              </div>
              <div
                class="TimesheetItem-controls"
              >
                <button
                  class="MuiButtonBase-root Button-small Button-root"
                  tabindex="0"
                  type="button"
                >
                  <div
                    class="Button-children"
                  >
                    Unsubmit Timesheet
                  </div>
                </button>
                <button
                  class="MuiButtonBase-root Button-small Button-root"
                  tabindex="0"
                  type="button"
                >
                  <div
                    class="Button-children"
                  >
                    Edit
                  </div>
                </button>
              </div>
            </div>
          </td>
        </tr>
        <tr
          class="MuiTableRow-root"
        >
          <td
            class="MuiTableCell-root MuiTableCell-body"
          >
            <div
              class="TimesheetItem-timesheet"
            >
              <div
                class="TimesheetItem-timesheetInfo"
              >
                <a
                  class="MuiTypography-root MuiTypography-colorPrimary MuiTypography-inline MuiLink-root MuiLink-underlineNone TimesheetItem-timesheetInfoLink"
                >
                  <span
                    class="MuiTypography-root Typography-regular MuiTypography-caption MuiTypography-inline"
                  >
                    From
                  </span>
                  <span
                    class="MuiTypography-root Typography-bold MuiTypography-caption MuiTypography-inline"
                  >
                     
                    Mon, 31 Dec 2018
                     
                  </span>
                  <span
                    class="MuiTypography-root Typography-regular MuiTypography-caption MuiTypography-inline"
                  >
                    till
                  </span>
                  <span
                    class="MuiTypography-root Typography-bold MuiTypography-caption MuiTypography-inline"
                  >
                     
                    Sun, 13 Jan 2019
                  </span>
                </a>
              </div>
              <div
                class="TimesheetItem-controls"
              />
            </div>
          </td>
        </tr>
        <tr
          class="MuiTableRow-root"
        >
          <td
            class="MuiTableCell-root MuiTableCell-body"
          >
            <div
              class="TimesheetItem-timesheet"
            >
              <div
                class="TimesheetItem-timesheetInfo"
              >
                <span
                  class="MuiTypography-root Typography-regular MuiTypography-caption MuiTypography-inline"
                >
                  From
                </span>
                <span
                  class="MuiTypography-root Typography-bold MuiTypography-caption MuiTypography-inline"
                >
                   
                  Mon, 17 Dec 2018
                   
                </span>
                <span
                  class="MuiTypography-root Typography-regular MuiTypography-caption MuiTypography-inline"
                >
                  till
                </span>
                <span
                  class="MuiTypography-root Typography-bold MuiTypography-caption MuiTypography-inline"
                >
                   
                  Sun, 30 Dec 2018
                </span>
              </div>
              <div
                class="TimesheetItem-controls"
              />
            </div>
          </td>
        </tr>
        <tr
          class="MuiTableRow-root"
        >
          <td
            class="MuiTableCell-root MuiTableCell-body"
          >
            <div
              class="TimesheetItem-timesheet"
            >
              <div
                class="TimesheetItem-timesheetInfo"
              >
                <a
                  class="MuiTypography-root MuiTypography-colorPrimary MuiTypography-inline MuiLink-root MuiLink-underlineNone TimesheetItem-timesheetInfoLink"
                >
                  <span
                    class="MuiTypography-root Typography-regular MuiTypography-caption MuiTypography-inline"
                  >
                    From
                  </span>
                  <span
                    class="MuiTypography-root Typography-bold MuiTypography-caption MuiTypography-inline"
                  >
                     
                    Mon, 03 Dec 2018
                     
                  </span>
                  <span
                    class="MuiTypography-root Typography-regular MuiTypography-caption MuiTypography-inline"
                  >
                    till
                  </span>
                  <span
                    class="MuiTypography-root Typography-bold MuiTypography-caption MuiTypography-inline"
                  >
                     
                    Sun, 16 Dec 2018
                  </span>
                  <span
                    class="MuiTypography-root Typography-bold MuiTypography-caption MuiTypography-inline TimesheetItem-overdueMessage"
                  >
                     
                    (Submission overdue, no automatic processing available)
                  </span>
                </a>
              </div>
              <div
                class="TimesheetItem-controls"
              >
                <button
                  class="MuiButtonBase-root Button-small Button-root"
                  tabindex="0"
                  type="button"
                >
                  <div
                    class="Button-children"
                  >
                    Unsubmit Timesheet
                  </div>
                </button>
                <button
                  class="MuiButtonBase-root Button-small Button-root"
                  tabindex="0"
                  type="button"
                >
                  <div
                    class="Button-children"
                  >
                    Edit
                  </div>
                </button>
              </div>
            </div>
          </td>
        </tr>
        <tr
          class="MuiTableRow-root"
        >
          <td
            class="MuiTableCell-root MuiTableCell-body"
          >
            <div
              class="TimesheetItem-timesheet"
            >
              <div
                class="TimesheetItem-timesheetInfo"
              >
                <a
                  class="MuiTypography-root MuiTypography-colorPrimary MuiTypography-inline MuiLink-root MuiLink-underlineNone TimesheetItem-timesheetInfoLink"
                >
                  <span
                    class="MuiTypography-root Typography-regular MuiTypography-caption MuiTypography-inline"
                  >
                    From
                  </span>
                  <span
                    class="MuiTypography-root Typography-bold MuiTypography-caption MuiTypography-inline"
                  >
                     
                    Mon, 22 Oct 2018
                     
                  </span>
                  <span
                    class="MuiTypography-root Typography-regular MuiTypography-caption MuiTypography-inline"
                  >
                    till
                  </span>
                  <span
                    class="MuiTypography-root Typography-bold MuiTypography-caption MuiTypography-inline"
                  >
                     
                    Sun, 04 Nov 2018
                  </span>
                  <span
                    class="MuiTypography-root Typography-regular MuiTypography-caption MuiTypography-inline"
                  >
                     
                    (Not submitted)
                  </span>
                </a>
              </div>
              <div
                class="TimesheetItem-controls"
              >
                <button
                  class="MuiButtonBase-root Button-small Button-root"
                  tabindex="0"
                  type="button"
                >
                  <div
                    class="Button-children"
                  >
                    Unsubmit Timesheet
                  </div>
                </button>
                <button
                  class="MuiButtonBase-root Button-small Button-root"
                  tabindex="0"
                  type="button"
                >
                  <div
                    class="Button-children"
                  >
                    Edit
                  </div>
                </button>
              </div>
            </div>
          </td>
        </tr>
      </tbody>
    </table>
  </div>
</div>
`;
