// Jest Snapshot v1, https://goo.gl/fbAQLP

exports[`AccountSelect default render 1`] = `
<div>
  <div
    class="Picasso-root"
  >
    <ul
      class="MuiList-root"
      role="menu"
    >
      <li
        class="MuiButtonBase-root MuiListItem-root MuiListItem-default MuiListItem-button MuiMenuItem-root AccountSelect-accountItem"
        role="menuitem"
        tabindex="-1"
      >
        <a
          class="MuiTypography-root MuiTypography-colorPrimary MuiTypography-inline MuiLink-root MuiLink-underlineNone AccountSelect-accountLink"
        >
          <div
            class="Component-mediumPadding Component-flex"
            style="flex-direction: row; align-items: center; justify-content: space-between;"
          >
            <div
              class="Component-flex UserBadge-root"
              style="align-items: flex-start;"
            >
              <div
                class="Avatar-root Avatar-xsmall"
              >
                <div
                  class="Avatar-textContainer Avatar-square Avatar-xsmall Avatar-clippedCorner UserBadge-avatar"
                />
                <p
                  class="MuiTypography-root Typography-invert Typography-bodyInherit MuiTypography-body1 Avatar-text"
                >
                  PL
                </p>
              </div>
              <div
                class="Component-flex"
                style="margin-left: 1em; flex-direction: column;"
              >
                <div
                  class=""
                >
                  <h4
                    class="MuiTypography-root Typography-headingSmall MuiTypography-h4 MuiTypography-inline UserBadge-name"
                  >
                    Phil Leif 1
                  </h4>
                </div>
                <p
                  class="MuiTypography-root Typography-bodySmall MuiTypography-body1"
                >
                  Account Owner at Stowaway Cosmetics
                </p>
              </div>
            </div>
            <svg
              class="SvgChevronRight-root"
              color="#455065"
              viewBox="0 0 7 13"
            >
              <path
                d="M7 6.5a.43.43 0 0 1-.12.3l-5.604 6.07a.367.367 0 0 1-.277.13.367.367 0 0 1-.277-.13l-.601-.652a.43.43 0 0 1-.121-.3.43.43 0 0 1 .12-.3L4.848 6.5.12 1.381a.43.43 0 0 1-.121-.3.43.43 0 0 1 .12-.3l.602-.65A.368.368 0 0 1 .999 0c.104 0 .196.044.277.13L6.879 6.2A.43.43 0 0 1 7 6.5z"
              />
            </svg>
          </div>
        </a>
      </li>
      <li
        class="MuiButtonBase-root MuiListItem-root MuiListItem-default MuiListItem-button MuiMenuItem-root AccountSelect-accountItem"
        role="menuitem"
        tabindex="-1"
      >
        <a
          class="MuiTypography-root MuiTypography-colorPrimary MuiTypography-inline MuiLink-root MuiLink-underlineNone AccountSelect-accountLink"
          href="#"
        >
          <div
            class="Component-mediumPadding Component-flex"
            style="flex-direction: row; align-items: center; justify-content: space-between;"
          >
            <div
              class="Component-flex UserBadge-root"
              style="align-items: flex-start;"
            >
              <div
                class="Avatar-root Avatar-xsmall"
              >
                <div
                  class="Avatar-textContainer Avatar-square Avatar-xsmall Avatar-clippedCorner UserBadge-avatar"
                />
                <p
                  class="MuiTypography-root Typography-invert Typography-bodyInherit MuiTypography-body1 Avatar-text"
                >
                  PL
                </p>
              </div>
              <div
                class="Component-flex"
                style="margin-left: 1em; flex-direction: column;"
              >
                <div
                  class=""
                >
                  <h4
                    class="MuiTypography-root Typography-headingSmall MuiTypography-h4 MuiTypography-inline UserBadge-name"
                  >
                    Phil Leif 2
                  </h4>
                </div>
                <p
                  class="MuiTypography-root Typography-bodySmall MuiTypography-body1"
                >
                  Company Representative at Marketing Works
                </p>
              </div>
            </div>
            <svg
              class="SvgChevronRight-root"
              color="#455065"
              viewBox="0 0 7 13"
            >
              <path
                d="M7 6.5a.43.43 0 0 1-.12.3l-5.604 6.07a.367.367 0 0 1-.277.13.367.367 0 0 1-.277-.13l-.601-.652a.43.43 0 0 1-.121-.3.43.43 0 0 1 .12-.3L4.848 6.5.12 1.381a.43.43 0 0 1-.121-.3.43.43 0 0 1 .12-.3l.602-.65A.368.368 0 0 1 .999 0c.104 0 .196.044.277.13L6.879 6.2A.43.43 0 0 1 7 6.5z"
              />
            </svg>
          </div>
        </a>
      </li>
      <li
        class="MuiButtonBase-root MuiListItem-root MuiListItem-default MuiListItem-button MuiMenuItem-root AccountSelect-accountItem"
        role="menuitem"
        tabindex="-1"
      >
        <a
          class="MuiTypography-root MuiTypography-colorPrimary MuiTypography-inline MuiLink-root MuiLink-underlineNone AccountSelect-accountLink"
          href="#"
        >
          <div
            class="Component-mediumPadding Component-flex"
            style="flex-direction: row; align-items: center; justify-content: space-between;"
          >
            <div
              class="Component-flex UserBadge-root"
              style="align-items: flex-start;"
            >
              <div
                class="Avatar-root Avatar-xsmall"
              >
                <img
                  alt="Phil Leif 3"
                  class="Image-root Avatar-image Avatar-square Avatar-xsmall Avatar-clippedCorner UserBadge-avatar"
                  src="./jacqueline-with-flowers-1954-square.jpg"
                />
              </div>
              <div
                class="Component-flex"
                style="margin-left: 1em; flex-direction: column;"
              >
                <div
                  class=""
                >
                  <h4
                    class="MuiTypography-root Typography-headingSmall MuiTypography-h4 MuiTypography-inline UserBadge-name"
                  >
                    Phil Leif 3
                  </h4>
                </div>
                <p
                  class="MuiTypography-root Typography-bodySmall MuiTypography-body1"
                >
                  Talent
                </p>
              </div>
            </div>
            <svg
              class="SvgChevronRight-root"
              color="#455065"
              viewBox="0 0 7 13"
            >
              <path
                d="M7 6.5a.43.43 0 0 1-.12.3l-5.604 6.07a.367.367 0 0 1-.277.13.367.367 0 0 1-.277-.13l-.601-.652a.43.43 0 0 1-.121-.3.43.43 0 0 1 .12-.3L4.848 6.5.12 1.381a.43.43 0 0 1-.121-.3.43.43 0 0 1 .12-.3l.602-.65A.368.368 0 0 1 .999 0c.104 0 .196.044.277.13L6.879 6.2A.43.43 0 0 1 7 6.5z"
              />
            </svg>
          </div>
        </a>
      </li>
    </ul>
  </div>
</div>
`;
