// Jest Snapshot v1, https://goo.gl/fbAQLP

exports[`FormHint default render 1`] = `
<div>
  <div
    class="FormHint-root"
  >
    <p
      class="MuiTypography-root Typography-body Typography-regular MuiTypography-body1 FormHint-hint"
    >
      Picasso was born on October 25, 1881 in the city of Malaga, Spain
    </p>
  </div>
</div>
`;
