// Jest Snapshot v1, https://goo.gl/fbAQLP

exports[`disabled button renders disabled version 1`] = `
<div>
  <div
    class="Picasso-root"
  >
    <button
      class="MuiButtonBase-root makeStyles-medium makeStyles-primaryDisabled makeStyles-root Mui-disabled"
      disabled=""
      tabindex="-1"
      type="button"
    >
      <span
        class="Container-flex Container-inline makeStyles-content"
        style="align-items: center;"
      >
        Click me!
      </span>
    </button>
  </div>
</div>
`;
