// Jest Snapshot v1, https://goo.gl/fbAQLP

exports[`disabled button renders disabled version 1`] = `
<div>
  <div
    class="Picasso-root"
  >
    <button
      class="MuiButtonBase-root Button-medium Button-primaryDisabled Button-root MuiButtonBase-disabled"
      disabled=""
      tabindex="-1"
      type="button"
    >
      <div
        class="Component-flex Component-inline Button-content"
        style="flex-direction: row; align-items: center;"
      >
        Click me!
      </div>
    </button>
  </div>
</div>
`;
