// Jest Snapshot v1, https://goo.gl/fbAQLP

exports[`should render label group with 4 labels 1`] = `
<div>
  <div
    class="Picasso-root"
  >
    <div
      class="LabelGroup-root"
    >
      <div
        class="MuiChip-root Label-root Label-icon Label-deleteIcon"
      >
        <span
          class="MuiChip-label"
        >
          <span
            class="Label-innerLabel"
          >
            Angular JS
          </span>
        </span>
      </div>
      <div
        class="MuiChip-root Label-root Label-icon Label-deleteIcon"
      >
        <span
          class="MuiChip-label"
        >
          <span
            class="Label-innerLabel"
          >
            React JS
          </span>
        </span>
      </div>
      <div
        class="MuiChip-root Label-root Label-icon Label-deleteIcon"
      >
        <span
          class="MuiChip-label"
        >
          <span
            class="Label-innerLabel"
          >
            Ember JS
          </span>
        </span>
      </div>
      <div
        class="MuiChip-root Label-root Label-icon Label-deleteIcon"
      >
        <span
          class="MuiChip-label"
        >
          <span
            class="Label-innerLabel"
          >
            Vue JS
          </span>
        </span>
      </div>
    </div>
  </div>
</div>
`;
