// Jest Snapshot v1, https://goo.gl/fbAQLP

exports[`Typography default render 1`] = `
<div>
  <div
    class="Picasso-root"
  >
    <p
      class="MuiTypography-root Typography-bodyMedium Typography-bold Typography-grey MuiTypography-body1 MuiTypography-alignCenter"
    >
      Hello world!
    </p>
  </div>
</div>
`;
