// Jest Snapshot v1, https://goo.gl/fbAQLP

exports[`Typography default render 1`] = `
<div>
  <div
    class="Picasso-root"
  >
    <p
      class="MuiTypography-root Typography-body Typography-bold MuiTypography-body1 MuiTypography-alignCenter MuiTypography-displayBlock"
    >
      Hello world!
    </p>
  </div>
</div>
`;
