// Jest Snapshot v1, https://goo.gl/fbAQLP

exports[`Stepper default render 1`] = `
<div>
  <div
    class="Picasso-root"
  >
    <div
      class="MuiPaper-root MuiPaper-elevation0 MuiStepper-root MuiStepper-horizontal"
    >
      <div
        class="MuiStep-root MuiStep-completed"
      >
        <span
          class="MuiStepLabel-root MuiStepLabel-horizontal"
        >
          <span
            class="MuiStepLabel-iconContainer"
          >
            <div
              class="StepIcon-root StepIcon-completed"
            >
              <svg
                class="SvgCheck24-root"
                style="min-width: 24px; min-height: 24px;"
                viewBox="0 0 24 24"
              >
                <defs>
                  <path
                    d="M10.5 14.793l6-6 .707.707-6 6-.707.707L6.793 12.5l.707-.707 3 3z"
                    id="check24_svg__a"
                  />
                </defs>
                <g
                  fill-rule="evenodd"
                >
                  <mask
                    id="check24_svg__b"
                  >
                    <use
                      xlink:href="#check24_svg__a"
                    />
                  </mask>
                  <use
                    fill-rule="nonzero"
                    xlink:href="#check24_svg__a"
                  />
                  <g
                    mask="url(#check24_svg__b)"
                  >
                    <path
                      d="M0 0h24v24H0z"
                    />
                  </g>
                </g>
              </svg>
            </div>
          </span>
          <span
            class="MuiStepLabel-labelContainer StepLabel-root"
          >
            <span
              class="MuiTypography-root MuiTypography-body2 MuiStepLabel-label MuiStepLabel-completed"
            >
              <span
                class="StepLabel-label"
              >
                Step 1
              </span>
            </span>
          </span>
        </span>
      </div>
      <svg
        class="SvgChevronRight16-root StepConnector-connectorIcon"
        style="min-width: 16px; min-height: 16px;"
        viewBox="0 0 16 16"
      >
        <defs>
          <path
            d="M10.5 6.793l.707.707L6.5 12.207l-.707-.707 4-4-4-4 .707-.707 4 4z"
            id="chevronRight16_svg__a"
          />
        </defs>
        <g
          fill-rule="evenodd"
        >
          <mask
            id="chevronRight16_svg__b"
          >
            <use
              xlink:href="#chevronRight16_svg__a"
            />
          </mask>
          <use
            fill-rule="nonzero"
            xlink:href="#chevronRight16_svg__a"
          />
          <g
            mask="url(#chevronRight16_svg__b)"
          >
            <path
              d="M0 0h16v16H0z"
            />
          </g>
        </g>
      </svg>
      <div
        class="MuiStep-root MuiStep-completed"
      >
        <span
          class="MuiStepLabel-root MuiStepLabel-horizontal"
        >
          <span
            class="MuiStepLabel-iconContainer"
          >
            <div
              class="StepIcon-root StepIcon-completed"
            >
              <svg
                class="SvgCheck24-root"
                style="min-width: 24px; min-height: 24px;"
                viewBox="0 0 24 24"
              >
                <defs>
                  <path
                    d="M10.5 14.793l6-6 .707.707-6 6-.707.707L6.793 12.5l.707-.707 3 3z"
                    id="check24_svg__a"
                  />
                </defs>
                <g
                  fill-rule="evenodd"
                >
                  <mask
                    id="check24_svg__b"
                  >
                    <use
                      xlink:href="#check24_svg__a"
                    />
                  </mask>
                  <use
                    fill-rule="nonzero"
                    xlink:href="#check24_svg__a"
                  />
                  <g
                    mask="url(#check24_svg__b)"
                  >
                    <path
                      d="M0 0h24v24H0z"
                    />
                  </g>
                </g>
              </svg>
            </div>
          </span>
          <span
            class="MuiStepLabel-labelContainer StepLabel-root"
          >
            <span
              class="MuiTypography-root MuiTypography-body2 MuiStepLabel-label MuiStepLabel-completed"
            >
              <span
                class="StepLabel-label"
              >
                Step 2
              </span>
            </span>
          </span>
        </span>
      </div>
      <svg
        class="SvgChevronRight16-root StepConnector-connectorIcon"
        style="min-width: 16px; min-height: 16px;"
        viewBox="0 0 16 16"
      >
        <defs>
          <path
            d="M10.5 6.793l.707.707L6.5 12.207l-.707-.707 4-4-4-4 .707-.707 4 4z"
            id="chevronRight16_svg__a"
          />
        </defs>
        <g
          fill-rule="evenodd"
        >
          <mask
            id="chevronRight16_svg__b"
          >
            <use
              xlink:href="#chevronRight16_svg__a"
            />
          </mask>
          <use
            fill-rule="nonzero"
            xlink:href="#chevronRight16_svg__a"
          />
          <g
            mask="url(#chevronRight16_svg__b)"
          >
            <path
              d="M0 0h16v16H0z"
            />
          </g>
        </g>
      </svg>
      <div
        class="MuiStep-root"
      >
        <span
          class="MuiStepLabel-root MuiStepLabel-horizontal"
        >
          <span
            class="MuiStepLabel-iconContainer"
          >
            <div
              class="StepIcon-root StepIcon-active"
            />
          </span>
          <span
            class="MuiStepLabel-labelContainer StepLabel-root"
          >
            <span
              class="MuiTypography-root MuiTypography-body2 MuiStepLabel-label MuiStepLabel-active"
            >
              <span
                class="StepLabel-label"
              >
                Step 3
              </span>
            </span>
          </span>
        </span>
      </div>
      <svg
        class="SvgChevronRight16-root StepConnector-connectorIcon"
        style="min-width: 16px; min-height: 16px;"
        viewBox="0 0 16 16"
      >
        <defs>
          <path
            d="M10.5 6.793l.707.707L6.5 12.207l-.707-.707 4-4-4-4 .707-.707 4 4z"
            id="chevronRight16_svg__a"
          />
        </defs>
        <g
          fill-rule="evenodd"
        >
          <mask
            id="chevronRight16_svg__b"
          >
            <use
              xlink:href="#chevronRight16_svg__a"
            />
          </mask>
          <use
            fill-rule="nonzero"
            xlink:href="#chevronRight16_svg__a"
          />
          <g
            mask="url(#chevronRight16_svg__b)"
          >
            <path
              d="M0 0h16v16H0z"
            />
          </g>
        </g>
      </svg>
      <div
        class="MuiStep-root"
      >
        <span
          class="MuiStepLabel-root MuiStepLabel-horizontal"
        >
          <span
            class="MuiStepLabel-iconContainer"
          >
            <div
              class="StepIcon-root"
            />
          </span>
          <span
            class="MuiStepLabel-labelContainer StepLabel-root"
          >
            <span
              class="MuiTypography-root MuiTypography-body2 MuiStepLabel-label"
            >
              <span
                class="StepLabel-label"
              >
                Step 4
              </span>
            </span>
          </span>
        </span>
      </div>
    </div>
  </div>
</div>
`;

exports[`Stepper render with all steps completed 1`] = `
<div>
  <div
    class="Picasso-root"
  >
    <div
      class="MuiPaper-root MuiPaper-elevation0 MuiStepper-root MuiStepper-horizontal"
    >
      <div
        class="MuiStep-root MuiStep-completed"
      >
        <span
          class="MuiStepLabel-root MuiStepLabel-horizontal"
        >
          <span
            class="MuiStepLabel-iconContainer"
          >
            <div
              class="StepIcon-root StepIcon-completed"
            >
              <svg
                class="SvgCheck24-root"
                style="min-width: 24px; min-height: 24px;"
                viewBox="0 0 24 24"
              >
                <defs>
                  <path
                    d="M10.5 14.793l6-6 .707.707-6 6-.707.707L6.793 12.5l.707-.707 3 3z"
                    id="check24_svg__a"
                  />
                </defs>
                <g
                  fill-rule="evenodd"
                >
                  <mask
                    id="check24_svg__b"
                  >
                    <use
                      xlink:href="#check24_svg__a"
                    />
                  </mask>
                  <use
                    fill-rule="nonzero"
                    xlink:href="#check24_svg__a"
                  />
                  <g
                    mask="url(#check24_svg__b)"
                  >
                    <path
                      d="M0 0h24v24H0z"
                    />
                  </g>
                </g>
              </svg>
            </div>
          </span>
          <span
            class="MuiStepLabel-labelContainer StepLabel-root"
          >
            <span
              class="MuiTypography-root MuiTypography-body2 MuiStepLabel-label MuiStepLabel-completed"
            >
              <span
                class="StepLabel-label"
              >
                Step 1
              </span>
            </span>
          </span>
        </span>
      </div>
      <svg
        class="SvgChevronRight16-root StepConnector-connectorIcon"
        style="min-width: 16px; min-height: 16px;"
        viewBox="0 0 16 16"
      >
        <defs>
          <path
            d="M10.5 6.793l.707.707L6.5 12.207l-.707-.707 4-4-4-4 .707-.707 4 4z"
            id="chevronRight16_svg__a"
          />
        </defs>
        <g
          fill-rule="evenodd"
        >
          <mask
            id="chevronRight16_svg__b"
          >
            <use
              xlink:href="#chevronRight16_svg__a"
            />
          </mask>
          <use
            fill-rule="nonzero"
            xlink:href="#chevronRight16_svg__a"
          />
          <g
            mask="url(#chevronRight16_svg__b)"
          >
            <path
              d="M0 0h16v16H0z"
            />
          </g>
        </g>
      </svg>
      <div
        class="MuiStep-root MuiStep-completed"
      >
        <span
          class="MuiStepLabel-root MuiStepLabel-horizontal"
        >
          <span
            class="MuiStepLabel-iconContainer"
          >
            <div
              class="StepIcon-root StepIcon-completed"
            >
              <svg
                class="SvgCheck24-root"
                style="min-width: 24px; min-height: 24px;"
                viewBox="0 0 24 24"
              >
                <defs>
                  <path
                    d="M10.5 14.793l6-6 .707.707-6 6-.707.707L6.793 12.5l.707-.707 3 3z"
                    id="check24_svg__a"
                  />
                </defs>
                <g
                  fill-rule="evenodd"
                >
                  <mask
                    id="check24_svg__b"
                  >
                    <use
                      xlink:href="#check24_svg__a"
                    />
                  </mask>
                  <use
                    fill-rule="nonzero"
                    xlink:href="#check24_svg__a"
                  />
                  <g
                    mask="url(#check24_svg__b)"
                  >
                    <path
                      d="M0 0h24v24H0z"
                    />
                  </g>
                </g>
              </svg>
            </div>
          </span>
          <span
            class="MuiStepLabel-labelContainer StepLabel-root"
          >
            <span
              class="MuiTypography-root MuiTypography-body2 MuiStepLabel-label MuiStepLabel-completed"
            >
              <span
                class="StepLabel-label"
              >
                Step 2
              </span>
            </span>
          </span>
        </span>
      </div>
      <svg
        class="SvgChevronRight16-root StepConnector-connectorIcon"
        style="min-width: 16px; min-height: 16px;"
        viewBox="0 0 16 16"
      >
        <defs>
          <path
            d="M10.5 6.793l.707.707L6.5 12.207l-.707-.707 4-4-4-4 .707-.707 4 4z"
            id="chevronRight16_svg__a"
          />
        </defs>
        <g
          fill-rule="evenodd"
        >
          <mask
            id="chevronRight16_svg__b"
          >
            <use
              xlink:href="#chevronRight16_svg__a"
            />
          </mask>
          <use
            fill-rule="nonzero"
            xlink:href="#chevronRight16_svg__a"
          />
          <g
            mask="url(#chevronRight16_svg__b)"
          >
            <path
              d="M0 0h16v16H0z"
            />
          </g>
        </g>
      </svg>
      <div
        class="MuiStep-root MuiStep-completed"
      >
        <span
          class="MuiStepLabel-root MuiStepLabel-horizontal"
        >
          <span
            class="MuiStepLabel-iconContainer"
          >
            <div
              class="StepIcon-root StepIcon-completed"
            >
              <svg
                class="SvgCheck24-root"
                style="min-width: 24px; min-height: 24px;"
                viewBox="0 0 24 24"
              >
                <defs>
                  <path
                    d="M10.5 14.793l6-6 .707.707-6 6-.707.707L6.793 12.5l.707-.707 3 3z"
                    id="check24_svg__a"
                  />
                </defs>
                <g
                  fill-rule="evenodd"
                >
                  <mask
                    id="check24_svg__b"
                  >
                    <use
                      xlink:href="#check24_svg__a"
                    />
                  </mask>
                  <use
                    fill-rule="nonzero"
                    xlink:href="#check24_svg__a"
                  />
                  <g
                    mask="url(#check24_svg__b)"
                  >
                    <path
                      d="M0 0h24v24H0z"
                    />
                  </g>
                </g>
              </svg>
            </div>
          </span>
          <span
            class="MuiStepLabel-labelContainer StepLabel-root"
          >
            <span
              class="MuiTypography-root MuiTypography-body2 MuiStepLabel-label MuiStepLabel-completed"
            >
              <span
                class="StepLabel-label"
              >
                Step 3
              </span>
            </span>
          </span>
        </span>
      </div>
      <svg
        class="SvgChevronRight16-root StepConnector-connectorIcon"
        style="min-width: 16px; min-height: 16px;"
        viewBox="0 0 16 16"
      >
        <defs>
          <path
            d="M10.5 6.793l.707.707L6.5 12.207l-.707-.707 4-4-4-4 .707-.707 4 4z"
            id="chevronRight16_svg__a"
          />
        </defs>
        <g
          fill-rule="evenodd"
        >
          <mask
            id="chevronRight16_svg__b"
          >
            <use
              xlink:href="#chevronRight16_svg__a"
            />
          </mask>
          <use
            fill-rule="nonzero"
            xlink:href="#chevronRight16_svg__a"
          />
          <g
            mask="url(#chevronRight16_svg__b)"
          >
            <path
              d="M0 0h16v16H0z"
            />
          </g>
        </g>
      </svg>
      <div
        class="MuiStep-root MuiStep-completed"
      >
        <span
          class="MuiStepLabel-root MuiStepLabel-horizontal"
        >
          <span
            class="MuiStepLabel-iconContainer"
          >
            <div
              class="StepIcon-root StepIcon-completed"
            >
              <svg
                class="SvgCheck24-root"
                style="min-width: 24px; min-height: 24px;"
                viewBox="0 0 24 24"
              >
                <defs>
                  <path
                    d="M10.5 14.793l6-6 .707.707-6 6-.707.707L6.793 12.5l.707-.707 3 3z"
                    id="check24_svg__a"
                  />
                </defs>
                <g
                  fill-rule="evenodd"
                >
                  <mask
                    id="check24_svg__b"
                  >
                    <use
                      xlink:href="#check24_svg__a"
                    />
                  </mask>
                  <use
                    fill-rule="nonzero"
                    xlink:href="#check24_svg__a"
                  />
                  <g
                    mask="url(#check24_svg__b)"
                  >
                    <path
                      d="M0 0h24v24H0z"
                    />
                  </g>
                </g>
              </svg>
            </div>
          </span>
          <span
            class="MuiStepLabel-labelContainer StepLabel-root"
          >
            <span
              class="MuiTypography-root MuiTypography-body2 MuiStepLabel-label MuiStepLabel-completed"
            >
              <span
                class="StepLabel-label"
              >
                Step 4
              </span>
            </span>
          </span>
        </span>
      </div>
    </div>
  </div>
</div>
`;

exports[`Stepper render with full-width 1`] = `
<div>
  <div
    class="Picasso-root"
  >
    <div
      class="MuiPaper-root MuiPaper-elevation0 MuiStepper-root MuiStepper-horizontal Stepper-fullWidth"
    >
      <div
        class="MuiStep-root MuiStep-completed"
      >
        <span
          class="MuiStepLabel-root MuiStepLabel-horizontal"
        >
          <span
            class="MuiStepLabel-iconContainer"
          >
            <div
              class="StepIcon-root StepIcon-completed"
            >
              <svg
                class="SvgCheck24-root"
                style="min-width: 24px; min-height: 24px;"
                viewBox="0 0 24 24"
              >
                <defs>
                  <path
                    d="M10.5 14.793l6-6 .707.707-6 6-.707.707L6.793 12.5l.707-.707 3 3z"
                    id="check24_svg__a"
                  />
                </defs>
                <g
                  fill-rule="evenodd"
                >
                  <mask
                    id="check24_svg__b"
                  >
                    <use
                      xlink:href="#check24_svg__a"
                    />
                  </mask>
                  <use
                    fill-rule="nonzero"
                    xlink:href="#check24_svg__a"
                  />
                  <g
                    mask="url(#check24_svg__b)"
                  >
                    <path
                      d="M0 0h24v24H0z"
                    />
                  </g>
                </g>
              </svg>
            </div>
          </span>
          <span
            class="MuiStepLabel-labelContainer StepLabel-root"
          >
            <span
              class="MuiTypography-root MuiTypography-body2 MuiStepLabel-label MuiStepLabel-completed"
            >
              <span
                class="StepLabel-label"
              >
                Step 1
              </span>
            </span>
          </span>
        </span>
      </div>
      <svg
        class="SvgChevronRight16-root StepConnector-connectorIcon"
        style="min-width: 16px; min-height: 16px;"
        viewBox="0 0 16 16"
      >
        <defs>
          <path
            d="M10.5 6.793l.707.707L6.5 12.207l-.707-.707 4-4-4-4 .707-.707 4 4z"
            id="chevronRight16_svg__a"
          />
        </defs>
        <g
          fill-rule="evenodd"
        >
          <mask
            id="chevronRight16_svg__b"
          >
            <use
              xlink:href="#chevronRight16_svg__a"
            />
          </mask>
          <use
            fill-rule="nonzero"
            xlink:href="#chevronRight16_svg__a"
          />
          <g
            mask="url(#chevronRight16_svg__b)"
          >
            <path
              d="M0 0h16v16H0z"
            />
          </g>
        </g>
      </svg>
      <div
        class="MuiStep-root MuiStep-completed"
      >
        <span
          class="MuiStepLabel-root MuiStepLabel-horizontal"
        >
          <span
            class="MuiStepLabel-iconContainer"
          >
            <div
              class="StepIcon-root StepIcon-completed"
            >
              <svg
                class="SvgCheck24-root"
                style="min-width: 24px; min-height: 24px;"
                viewBox="0 0 24 24"
              >
                <defs>
                  <path
                    d="M10.5 14.793l6-6 .707.707-6 6-.707.707L6.793 12.5l.707-.707 3 3z"
                    id="check24_svg__a"
                  />
                </defs>
                <g
                  fill-rule="evenodd"
                >
                  <mask
                    id="check24_svg__b"
                  >
                    <use
                      xlink:href="#check24_svg__a"
                    />
                  </mask>
                  <use
                    fill-rule="nonzero"
                    xlink:href="#check24_svg__a"
                  />
                  <g
                    mask="url(#check24_svg__b)"
                  >
                    <path
                      d="M0 0h24v24H0z"
                    />
                  </g>
                </g>
              </svg>
            </div>
          </span>
          <span
            class="MuiStepLabel-labelContainer StepLabel-root"
          >
            <span
              class="MuiTypography-root MuiTypography-body2 MuiStepLabel-label MuiStepLabel-completed"
            >
              <span
                class="StepLabel-label"
              >
                Step 2
              </span>
            </span>
          </span>
        </span>
      </div>
      <svg
        class="SvgChevronRight16-root StepConnector-connectorIcon"
        style="min-width: 16px; min-height: 16px;"
        viewBox="0 0 16 16"
      >
        <defs>
          <path
            d="M10.5 6.793l.707.707L6.5 12.207l-.707-.707 4-4-4-4 .707-.707 4 4z"
            id="chevronRight16_svg__a"
          />
        </defs>
        <g
          fill-rule="evenodd"
        >
          <mask
            id="chevronRight16_svg__b"
          >
            <use
              xlink:href="#chevronRight16_svg__a"
            />
          </mask>
          <use
            fill-rule="nonzero"
            xlink:href="#chevronRight16_svg__a"
          />
          <g
            mask="url(#chevronRight16_svg__b)"
          >
            <path
              d="M0 0h16v16H0z"
            />
          </g>
        </g>
      </svg>
      <div
        class="MuiStep-root MuiStep-completed"
      >
        <span
          class="MuiStepLabel-root MuiStepLabel-horizontal"
        >
          <span
            class="MuiStepLabel-iconContainer"
          >
            <div
              class="StepIcon-root StepIcon-completed"
            >
              <svg
                class="SvgCheck24-root"
                style="min-width: 24px; min-height: 24px;"
                viewBox="0 0 24 24"
              >
                <defs>
                  <path
                    d="M10.5 14.793l6-6 .707.707-6 6-.707.707L6.793 12.5l.707-.707 3 3z"
                    id="check24_svg__a"
                  />
                </defs>
                <g
                  fill-rule="evenodd"
                >
                  <mask
                    id="check24_svg__b"
                  >
                    <use
                      xlink:href="#check24_svg__a"
                    />
                  </mask>
                  <use
                    fill-rule="nonzero"
                    xlink:href="#check24_svg__a"
                  />
                  <g
                    mask="url(#check24_svg__b)"
                  >
                    <path
                      d="M0 0h24v24H0z"
                    />
                  </g>
                </g>
              </svg>
            </div>
          </span>
          <span
            class="MuiStepLabel-labelContainer StepLabel-root"
          >
            <span
              class="MuiTypography-root MuiTypography-body2 MuiStepLabel-label MuiStepLabel-completed"
            >
              <span
                class="StepLabel-label"
              >
                Step 3
              </span>
            </span>
          </span>
        </span>
      </div>
      <svg
        class="SvgChevronRight16-root StepConnector-connectorIcon"
        style="min-width: 16px; min-height: 16px;"
        viewBox="0 0 16 16"
      >
        <defs>
          <path
            d="M10.5 6.793l.707.707L6.5 12.207l-.707-.707 4-4-4-4 .707-.707 4 4z"
            id="chevronRight16_svg__a"
          />
        </defs>
        <g
          fill-rule="evenodd"
        >
          <mask
            id="chevronRight16_svg__b"
          >
            <use
              xlink:href="#chevronRight16_svg__a"
            />
          </mask>
          <use
            fill-rule="nonzero"
            xlink:href="#chevronRight16_svg__a"
          />
          <g
            mask="url(#chevronRight16_svg__b)"
          >
            <path
              d="M0 0h16v16H0z"
            />
          </g>
        </g>
      </svg>
      <div
        class="MuiStep-root MuiStep-completed"
      >
        <span
          class="MuiStepLabel-root MuiStepLabel-horizontal"
        >
          <span
            class="MuiStepLabel-iconContainer"
          >
            <div
              class="StepIcon-root StepIcon-completed"
            >
              <svg
                class="SvgCheck24-root"
                style="min-width: 24px; min-height: 24px;"
                viewBox="0 0 24 24"
              >
                <defs>
                  <path
                    d="M10.5 14.793l6-6 .707.707-6 6-.707.707L6.793 12.5l.707-.707 3 3z"
                    id="check24_svg__a"
                  />
                </defs>
                <g
                  fill-rule="evenodd"
                >
                  <mask
                    id="check24_svg__b"
                  >
                    <use
                      xlink:href="#check24_svg__a"
                    />
                  </mask>
                  <use
                    fill-rule="nonzero"
                    xlink:href="#check24_svg__a"
                  />
                  <g
                    mask="url(#check24_svg__b)"
                  >
                    <path
                      d="M0 0h24v24H0z"
                    />
                  </g>
                </g>
              </svg>
            </div>
          </span>
          <span
            class="MuiStepLabel-labelContainer StepLabel-root"
          >
            <span
              class="MuiTypography-root MuiTypography-body2 MuiStepLabel-label MuiStepLabel-completed"
            >
              <span
                class="StepLabel-label"
              >
                Step 4
              </span>
            </span>
          </span>
        </span>
      </div>
    </div>
  </div>
</div>
`;

exports[`Stepper render with hidden labels 1`] = `
<div>
  <div
    class="Picasso-root"
  >
    <div
      class="MuiPaper-root MuiPaper-elevation0 MuiStepper-root MuiStepper-horizontal"
    >
      <div
        class="MuiStep-root MuiStep-completed"
      >
        <span
          class="MuiStepLabel-root MuiStepLabel-horizontal"
        >
          <span
            class="MuiStepLabel-iconContainer"
          >
            <div
              class="StepIcon-root StepIcon-completed"
            >
              <svg
                class="SvgCheck24-root"
                style="min-width: 24px; min-height: 24px;"
                viewBox="0 0 24 24"
              >
                <defs>
                  <path
                    d="M10.5 14.793l6-6 .707.707-6 6-.707.707L6.793 12.5l.707-.707 3 3z"
                    id="check24_svg__a"
                  />
                </defs>
                <g
                  fill-rule="evenodd"
                >
                  <mask
                    id="check24_svg__b"
                  >
                    <use
                      xlink:href="#check24_svg__a"
                    />
                  </mask>
                  <use
                    fill-rule="nonzero"
                    xlink:href="#check24_svg__a"
                  />
                  <g
                    mask="url(#check24_svg__b)"
                  >
                    <path
                      d="M0 0h24v24H0z"
                    />
                  </g>
                </g>
              </svg>
            </div>
          </span>
          <span
            class="MuiStepLabel-labelContainer"
          >
            <span
              class="MuiTypography-root MuiTypography-body2 MuiStepLabel-label StepLabel-hidden MuiStepLabel-completed"
            >
              <span
                class="StepLabel-label"
              >
                Step 1
              </span>
            </span>
          </span>
        </span>
      </div>
      <svg
        class="SvgChevronRight16-root StepConnector-connectorIcon"
        style="min-width: 16px; min-height: 16px;"
        viewBox="0 0 16 16"
      >
        <defs>
          <path
            d="M10.5 6.793l.707.707L6.5 12.207l-.707-.707 4-4-4-4 .707-.707 4 4z"
            id="chevronRight16_svg__a"
          />
        </defs>
        <g
          fill-rule="evenodd"
        >
          <mask
            id="chevronRight16_svg__b"
          >
            <use
              xlink:href="#chevronRight16_svg__a"
            />
          </mask>
          <use
            fill-rule="nonzero"
            xlink:href="#chevronRight16_svg__a"
          />
          <g
            mask="url(#chevronRight16_svg__b)"
          >
            <path
              d="M0 0h16v16H0z"
            />
          </g>
        </g>
      </svg>
      <div
        class="MuiStep-root MuiStep-completed"
      >
        <span
          class="MuiStepLabel-root MuiStepLabel-horizontal"
        >
          <span
            class="MuiStepLabel-iconContainer"
          >
            <div
              class="StepIcon-root StepIcon-completed"
            >
              <svg
                class="SvgCheck24-root"
                style="min-width: 24px; min-height: 24px;"
                viewBox="0 0 24 24"
              >
                <defs>
                  <path
                    d="M10.5 14.793l6-6 .707.707-6 6-.707.707L6.793 12.5l.707-.707 3 3z"
                    id="check24_svg__a"
                  />
                </defs>
                <g
                  fill-rule="evenodd"
                >
                  <mask
                    id="check24_svg__b"
                  >
                    <use
                      xlink:href="#check24_svg__a"
                    />
                  </mask>
                  <use
                    fill-rule="nonzero"
                    xlink:href="#check24_svg__a"
                  />
                  <g
                    mask="url(#check24_svg__b)"
                  >
                    <path
                      d="M0 0h24v24H0z"
                    />
                  </g>
                </g>
              </svg>
            </div>
          </span>
          <span
            class="MuiStepLabel-labelContainer"
          >
            <span
              class="MuiTypography-root MuiTypography-body2 MuiStepLabel-label StepLabel-hidden MuiStepLabel-completed"
            >
              <span
                class="StepLabel-label"
              >
                Step 2
              </span>
            </span>
          </span>
        </span>
      </div>
      <svg
        class="SvgChevronRight16-root StepConnector-connectorIcon"
        style="min-width: 16px; min-height: 16px;"
        viewBox="0 0 16 16"
      >
        <defs>
          <path
            d="M10.5 6.793l.707.707L6.5 12.207l-.707-.707 4-4-4-4 .707-.707 4 4z"
            id="chevronRight16_svg__a"
          />
        </defs>
        <g
          fill-rule="evenodd"
        >
          <mask
            id="chevronRight16_svg__b"
          >
            <use
              xlink:href="#chevronRight16_svg__a"
            />
          </mask>
          <use
            fill-rule="nonzero"
            xlink:href="#chevronRight16_svg__a"
          />
          <g
            mask="url(#chevronRight16_svg__b)"
          >
            <path
              d="M0 0h16v16H0z"
            />
          </g>
        </g>
      </svg>
      <div
        class="MuiStep-root MuiStep-completed"
      >
        <span
          class="MuiStepLabel-root MuiStepLabel-horizontal"
        >
          <span
            class="MuiStepLabel-iconContainer"
          >
            <div
              class="StepIcon-root StepIcon-completed"
            >
              <svg
                class="SvgCheck24-root"
                style="min-width: 24px; min-height: 24px;"
                viewBox="0 0 24 24"
              >
                <defs>
                  <path
                    d="M10.5 14.793l6-6 .707.707-6 6-.707.707L6.793 12.5l.707-.707 3 3z"
                    id="check24_svg__a"
                  />
                </defs>
                <g
                  fill-rule="evenodd"
                >
                  <mask
                    id="check24_svg__b"
                  >
                    <use
                      xlink:href="#check24_svg__a"
                    />
                  </mask>
                  <use
                    fill-rule="nonzero"
                    xlink:href="#check24_svg__a"
                  />
                  <g
                    mask="url(#check24_svg__b)"
                  >
                    <path
                      d="M0 0h24v24H0z"
                    />
                  </g>
                </g>
              </svg>
            </div>
          </span>
          <span
            class="MuiStepLabel-labelContainer"
          >
            <span
              class="MuiTypography-root MuiTypography-body2 MuiStepLabel-label StepLabel-hidden MuiStepLabel-completed"
            >
              <span
                class="StepLabel-label"
              >
                Step 3
              </span>
            </span>
          </span>
        </span>
      </div>
      <svg
        class="SvgChevronRight16-root StepConnector-connectorIcon"
        style="min-width: 16px; min-height: 16px;"
        viewBox="0 0 16 16"
      >
        <defs>
          <path
            d="M10.5 6.793l.707.707L6.5 12.207l-.707-.707 4-4-4-4 .707-.707 4 4z"
            id="chevronRight16_svg__a"
          />
        </defs>
        <g
          fill-rule="evenodd"
        >
          <mask
            id="chevronRight16_svg__b"
          >
            <use
              xlink:href="#chevronRight16_svg__a"
            />
          </mask>
          <use
            fill-rule="nonzero"
            xlink:href="#chevronRight16_svg__a"
          />
          <g
            mask="url(#chevronRight16_svg__b)"
          >
            <path
              d="M0 0h16v16H0z"
            />
          </g>
        </g>
      </svg>
      <div
        class="MuiStep-root MuiStep-completed"
      >
        <span
          class="MuiStepLabel-root MuiStepLabel-horizontal"
        >
          <span
            class="MuiStepLabel-iconContainer"
          >
            <div
              class="StepIcon-root StepIcon-completed"
            >
              <svg
                class="SvgCheck24-root"
                style="min-width: 24px; min-height: 24px;"
                viewBox="0 0 24 24"
              >
                <defs>
                  <path
                    d="M10.5 14.793l6-6 .707.707-6 6-.707.707L6.793 12.5l.707-.707 3 3z"
                    id="check24_svg__a"
                  />
                </defs>
                <g
                  fill-rule="evenodd"
                >
                  <mask
                    id="check24_svg__b"
                  >
                    <use
                      xlink:href="#check24_svg__a"
                    />
                  </mask>
                  <use
                    fill-rule="nonzero"
                    xlink:href="#check24_svg__a"
                  />
                  <g
                    mask="url(#check24_svg__b)"
                  >
                    <path
                      d="M0 0h24v24H0z"
                    />
                  </g>
                </g>
              </svg>
            </div>
          </span>
          <span
            class="MuiStepLabel-labelContainer"
          >
            <span
              class="MuiTypography-root MuiTypography-body2 MuiStepLabel-label StepLabel-hidden MuiStepLabel-completed"
            >
              <span
                class="StepLabel-label"
              >
                Step 4
              </span>
            </span>
          </span>
        </span>
      </div>
    </div>
  </div>
</div>
`;
