// Jest Snapshot v1, https://goo.gl/fbAQLP

exports[`ButtonGroup render 1`] = `
<div>
  <div
    class="Picasso-root"
  >
    <div
      class="ButtonGroup-root"
    >
      <button
        class="MuiButtonBase-root Button-medium Button-primaryBlue Button-root ButtonGroup-button"
        tabindex="0"
        type="button"
      >
        <span
          class="Component-flex Component-inline Button-content"
          style="flex-direction: row; align-items: center;"
        />
      </button>
      <button
        class="MuiButtonBase-root Button-active ButtonGroup-active Button-medium Button-primaryBlue Button-root ButtonGroup-button"
        tabindex="0"
        type="button"
      >
        <span
          class="Component-flex Component-inline Button-content"
          style="flex-direction: row; align-items: center;"
        />
      </button>
      <button
        class="MuiButtonBase-root Button-medium Button-primaryBlue Button-root ButtonGroup-button"
        tabindex="0"
        type="button"
      >
        <span
          class="Component-flex Component-inline Button-content"
          style="flex-direction: row; align-items: center;"
        />
      </button>
    </div>
  </div>
</div>
`;
