// Jest Snapshot v1, https://goo.gl/fbAQLP

exports[`ButtonGroup render 1`] = `
<div>
  <div
    class="Picasso-root"
  >
    <div
      class="ButtonGroup-root"
    >
      <button
        class="MuiButtonBase-root makeStyles-medium makeStyles-primaryBlue makeStyles-root ButtonGroup-button"
        tabindex="0"
        type="button"
      >
        <span
          class="Container-flex Container-inline makeStyles-content"
          style="align-items: center;"
        />
      </button>
      <button
        class="MuiButtonBase-root makeStyles-active ButtonGroup-active makeStyles-medium makeStyles-primaryBlue makeStyles-root ButtonGroup-button"
        tabindex="0"
        type="button"
      >
        <span
          class="Container-flex Container-inline makeStyles-content"
          style="align-items: center;"
        />
      </button>
      <button
        class="MuiButtonBase-root makeStyles-medium makeStyles-primaryBlue makeStyles-root ButtonGroup-button"
        tabindex="0"
        type="button"
      >
        <span
          class="Container-flex Container-inline makeStyles-content"
          style="align-items: center;"
        />
      </button>
    </div>
  </div>
</div>
`;
